
> buildtracker@0.1.0 build
> next build

npm : [baseline-browser-mapping] The data 
in this module is over two months old.  To 
ensure accurate Baseline data, please 
update: `npm i 
baseline-browser-mapping@latest -D`
At line:1 char:1
+ npm run build > build_error.log 2>&1
+ ~~~~~~~~~~~~~~~~~~~~~~~~~~~~~~~~~~~~
    + CategoryInfo          : NotSpecified 
   : ([baseline-brows...ping@latest -D`:S  
  tring) [], RemoteException
    + FullyQualifiedErrorId : NativeComman 
   dError
 
   Γû▓ Next.js 16.0.10 (Turbopack)

   Creating an optimized production build ...
[baseline-browser-mapping] The data in 
this module is over two months old.  To 
ensure accurate Baseline data, please 
update: `npm i 
baseline-browser-mapping@latest -D`
 Γ£ô Compiled successfully in 13.4s
   Running TypeScript ...
Failed to compile.

./app/(dashboard)/wiki/page.tsx:184:20
Type error: Property 'folderId' is missing 
in type '{ key: number; title: string; 
items: number; avatars: string[]; view: 
"grid" | "list"; }' but required in type 
'FolderCardProps'.

[0m [90m 182 |[39m
 [90m 183 |[39m                 
{folders[33m.[39mmap((folder) 
[33m=>[39m (
[31m[1m>[22m[39m[90m 184 |[39m       
            [33m<[39m[33mFolderCard[39m
 [90m     |[39m                    
[31m[1m^[22m[39m
 [90m 185 |[39m                     
key[33m=[39m{folder[33m.[39mid}
 [90m 186 |[39m                     
title[33m=[39m{folder[33m.[39mname}
 [90m 187 |[39m                     items
[33m=[39m{folder[33m.[39mitems}[0m
Next.js build worker exited with code: 1 
and signal: null
